core_cm4.h:2064:26:ITM_SendChar	16	static,ignoring_inline_asm
main.c:89:5:_write	32	static
main.c:97:6:newTask	16	static
main.c:114:5:main	8	static
main.c:196:6:SystemClock_Config	112	static
main.c:249:13:MX_I2C1_Init	8	static
main.c:283:13:MX_I2S2_Init	8	static
main.c:317:13:MX_I2S3_Init	8	static
main.c:351:13:MX_SPI1_Init	8	static
main.c:389:13:MX_GPIO_Init	56	static
main.c:461:6:CDC_ReceiveCallback	288	static
main.c:507:6:StartDefaultTask	304	static
main.c:574:6:HAL_TIM_PeriodElapsedCallback	16	static
main.c:591:6:Error_Handler	4	static,ignoring_inline_asm
